// Jest Snapshot v1, https://goo.gl/fbAQLP

exports[`<HomeScreen /> renders the page 1`] = `
<div>
  <div>
    <main>
      <h1
        class="glaJeq"
      >
        Home
      </h1>
      <p
        class="glaJeq"
      >
        Importando modulo local: @rai/utils/math/sum sum(2, 2): 
        4
         
      </p>
    </main>
  </div>
</div>
`;
